Godot Engine v4.6.3.stable.official.7d41c59c4 - https://godotengine.org

=== JUMPPAD VERIFIER REPORT ===
{
  "checks": [
    {
      "detail": "normal jump peak 2.30 m (expected 2.30 +/- 0.30)",
      "id": "T1a",
      "max": 3.0,
      "name": "Jump-height regression guard",
      "passed": true,
      "points": 3.0
    },
    {
      "detail": "rest height 1.607 m (expected 1.607 +/- 5%)",
      "id": "T1b",
      "max": 2.0,
      "name": "Pad rest-height regression guard",
      "passed": true,
      "points": 2.0
    },
    {
      "detail": "no upward launch detected (max v_y 0.00)",
      "id": "T2",
      "max": 15.0,
      "name": "Instant real-physics launch on contact",
      "passed": false,
      "points": 0.0
    },
    {
      "detail": "no launch",
      "id": "T3",
      "max": 10.0,
      "name": "Launch magnitude ~3.4x normal jump",
      "passed": false,
      "points": 0.0
    },
    {
      "detail": "no launch / flight too short",
      "id": "TMC",
      "max": 5.0,
      "name": "Midair control retained",
      "passed": false,
      "points": 0.0
    },
    {
      "detail": "height dipped to 40% of rest (full <= 80%, half <= 90%)",
      "id": "T6",
      "max": 12.0,
      "name": "Cap squashes on contact",
      "passed": true,
      "points": 12.0
    },
    {
      "detail": "post-dip max height 122.1% of rest (need >= 102%)",
      "id": "T7",
      "max": 15.0,
      "name": "Elastic rebound overshoots rest height",
      "passed": true,
      "points": 15.0
    },
    {
      "detail": "worst deviation in settle window 0.0% (limit 2%)",
      "id": "T8",
      "max": 7.0,
      "name": "Cap settles back to rest within ~2 s",
      "passed": true,
      "points": 7.0
    },
    {
      "detail": "second dip to 40% of rest (need <= 90%)",
      "id": "T9",
      "max": 4.0,
      "name": "Squash re-triggers on second bounce",
      "passed": true,
      "points": 4.0
    },
    {
      "detail": "untouched pad's height deviated 0.0% from its rest (limit 2%)",
      "id": "T11",
      "max": 2.0,
      "name": "Pad instances have independent state",
      "passed": true,
      "points": 2.0
    },
    {
      "detail": "prerequisite missing (no gentle-drop launch to compare against)",
      "id": "T4",
      "max": 8.0,
      "name": "Launch overrides prior vertical velocity",
      "passed": false,
      "points": 0.0
    },
    {
      "detail": "no launch on tilted pad",
      "id": "T5",
      "max": 7.0,
      "name": "Launch follows pad orientation",
      "passed": false,
      "points": 0.0
    },
    {
      "detail": "not evaluated: no player launch exists to discriminate against",
      "id": "T10a",
      "max": 5.0,
      "name": "Enemy does not trigger the pad",
      "passed": false,
      "points": 0.0
    },
    {
      "detail": "not evaluated: no player launch exists to discriminate against",
      "id": "T10b",
      "max": 5.0,
      "name": "Crate does not trigger the pad",
      "passed": false,
      "points": 0.0
    }
  ],
  "diagnostics": [
    {
      "detail": "cap compressed for 0% of a 2 s pinned-contact window; event-driven implementations recover to rest (~0%), per-frame re-trigger implementations stay compressed (~100%).",
      "id": "NEG06",
      "name": "Continuous-overlap behavior (unscored)"
    }
  ],
  "godot": "4.6.3-stable (official)",
  "max_score": 100,
  "meta": {
    "jump_peak_m": 2.3,
    "pad_rest_height_m": 1.607
  },
  "score": 45.0,
  "task": "jumping-pad"
}
=== SCORE: 45.0 / 100 ===
