Godot Engine v4.6.3.stable.official.7d41c59c4 - https://godotengine.org

=== JUMPPAD VERIFIER REPORT ===
{
  "checks": [
    {
      "detail": "normal jump peak 2.30 m (expected 2.30 +/- 0.30)",
      "id": "T1a",
      "max": 3.0,
      "name": "Jump-height regression guard",
      "passed": true,
      "points": 3.0
    },
    {
      "detail": "rest height 0.643 m (expected 1.607 +/- 5%)",
      "id": "T1b",
      "max": 2.0,
      "name": "Pad rest-height regression guard",
      "passed": false,
      "points": 0.0
    },
    {
      "detail": "launched 2 frame(s) after contact; ballistic flight verified",
      "id": "T2",
      "max": 15.0,
      "name": "Instant real-physics launch on contact",
      "passed": true,
      "points": 15.0
    },
    {
      "detail": "pad peak 7.88 m / jump 2.30 m = 3.43x",
      "id": "T3",
      "max": 10.0,
      "name": "Launch magnitude ~3.4x normal jump",
      "passed": true,
      "points": 10.0
    },
    {
      "detail": "horizontal speed gained 7.03 m/s under held input (need >= 1.5)",
      "id": "TMC",
      "max": 5.0,
      "name": "Midair control retained",
      "passed": true,
      "points": 5.0
    },
    {
      "detail": "height dipped to 100% of rest (full <= 80%, half <= 90%)",
      "id": "T6",
      "max": 12.0,
      "name": "Cap squashes on contact",
      "passed": false,
      "points": 0.0
    },
    {
      "detail": "post-dip max height 0.0% of rest (need >= 102%)",
      "id": "T7",
      "max": 15.0,
      "name": "Elastic rebound overshoots rest height",
      "passed": false,
      "points": 0.0
    },
    {
      "detail": "not evaluated: cap never squashed",
      "id": "T8",
      "max": 7.0,
      "name": "Cap settles back to rest within ~2 s",
      "passed": false,
      "points": 0.0
    },
    {
      "detail": "second dip to 100% of rest (need <= 90%)",
      "id": "T9",
      "max": 4.0,
      "name": "Squash re-triggers on second bounce",
      "passed": false,
      "points": 0.0
    },
    {
      "detail": "not evaluated: primary pad never squashed",
      "id": "T11",
      "max": 2.0,
      "name": "Pad instances have independent state",
      "passed": false,
      "points": 0.0
    },
    {
      "detail": "gentle-drop peak 7.88 m vs high-fall peak 7.88 m (mismatch 0%, limit 10%)",
      "id": "T4",
      "max": 8.0,
      "name": "Launch overrides prior vertical velocity",
      "passed": true,
      "points": 8.0
    },
    {
      "detail": "horizontal launch component along lean 5.00 m/s (need >= 2.5)",
      "id": "T5",
      "max": 7.0,
      "name": "Launch follows pad orientation",
      "passed": true,
      "points": 7.0
    },
    {
      "detail": "max upward velocity 21.82 m/s (limit 3.0); pad min height 100% of rest (limit 95%)",
      "id": "T10a",
      "max": 5.0,
      "name": "Enemy does not trigger the pad",
      "passed": false,
      "points": 0.0
    },
    {
      "detail": "max upward velocity 20.49 m/s (limit 3.0); pad min height 100% of rest (limit 95%)",
      "id": "T10b",
      "max": 5.0,
      "name": "Crate does not trigger the pad",
      "passed": false,
      "points": 0.0
    }
  ],
  "diagnostics": [
    {
      "detail": "cap compressed for 0% of a 2 s pinned-contact window; event-driven implementations recover to rest (~0%), per-frame re-trigger implementations stay compressed (~100%).",
      "id": "NEG06",
      "name": "Continuous-overlap behavior (unscored)"
    }
  ],
  "godot": "4.6.3-stable (official)",
  "max_score": 100,
  "meta": {
    "jump_peak_m": 2.3,
    "pad_rest_height_m": 0.643
  },
  "score": 48.0,
  "task": "jumping-pad"
}
=== SCORE: 48.0 / 100 ===
